Archive member included because of file (symbol)

c:/program files (x86)/atmel/avr tools/avr toolchain/bin/../lib/gcc/avr/4.5.1/avr4\libgcc.a(_mulsi3.o)
                              SecurityManager.o (__mulsi3)
c:/program files (x86)/atmel/avr tools/avr toolchain/bin/../lib/gcc/avr/4.5.1/avr4\libgcc.a(_divmodhi4.o)
                              ds18x20.o (__divmodhi4)
c:/program files (x86)/atmel/avr tools/avr toolchain/bin/../lib/gcc/avr/4.5.1/avr4\libgcc.a(_divmodsi4.o)
                              SecurityManager.o (__divmodsi4)
c:/program files (x86)/atmel/avr tools/avr toolchain/bin/../lib/gcc/avr/4.5.1/avr4\libgcc.a(_exit.o)
                              c:/program files (x86)/atmel/avr tools/avr toolchain/bin/../lib/gcc/avr/4.5.1/../../../../avr/lib/avr4/crtm8.o (exit)
c:/program files (x86)/atmel/avr tools/avr toolchain/bin/../lib/gcc/avr/4.5.1/avr4\libgcc.a(_copy_data.o)
                              SecurityManager.o (__do_copy_data)
c:/program files (x86)/atmel/avr tools/avr toolchain/bin/../lib/gcc/avr/4.5.1/avr4\libgcc.a(_clear_bss.o)
                              SecurityManager.o (__do_clear_bss)
c:/program files (x86)/atmel/avr tools/avr toolchain/bin/../lib/gcc/avr/4.5.1/avr4\libgcc.a(_udivmodhi4.o)
                              c:/program files (x86)/atmel/avr tools/avr toolchain/bin/../lib/gcc/avr/4.5.1/avr4\libgcc.a(_divmodhi4.o) (__udivmodhi4)
c:/program files (x86)/atmel/avr tools/avr toolchain/bin/../lib/gcc/avr/4.5.1/avr4\libgcc.a(_udivmodsi4.o)
                              c:/program files (x86)/atmel/avr tools/avr toolchain/bin/../lib/gcc/avr/4.5.1/avr4\libgcc.a(_divmodsi4.o) (__udivmodsi4)
c:/program files (x86)/atmel/avr tools/avr toolchain/bin/../lib/gcc/avr/4.5.1/../../../../avr/lib/avr4\libc.a(atoi.o)
                              SIM900.o (atoi)
c:/program files (x86)/atmel/avr tools/avr toolchain/bin/../lib/gcc/avr/4.5.1/../../../../avr/lib/avr4\libc.a(strcat_P.o)
                              SecurityManager.o (strcat_P)
c:/program files (x86)/atmel/avr tools/avr toolchain/bin/../lib/gcc/avr/4.5.1/../../../../avr/lib/avr4\libc.a(strcasestr.o)
                              SIM900.o (strcasestr)
c:/program files (x86)/atmel/avr tools/avr toolchain/bin/../lib/gcc/avr/4.5.1/../../../../avr/lib/avr4\libc.a(strcasestr_P.o)
                              SecurityManager.o (strcasestr_P)
c:/program files (x86)/atmel/avr tools/avr toolchain/bin/../lib/gcc/avr/4.5.1/../../../../avr/lib/avr4\libc.a(strcat.o)
                              SecurityManager.o (strcat)
c:/program files (x86)/atmel/avr tools/avr toolchain/bin/../lib/gcc/avr/4.5.1/../../../../avr/lib/avr4\libc.a(itoa.o)
                              mUART.o (itoa)
c:/program files (x86)/atmel/avr tools/avr toolchain/bin/../lib/gcc/avr/4.5.1/../../../../avr/lib/avr4\libc.a(ltoa.o)
                              mUART.o (ltoa)
c:/program files (x86)/atmel/avr tools/avr toolchain/bin/../lib/gcc/avr/4.5.1/../../../../avr/lib/avr4\libc.a(mul10.o)
                              c:/program files (x86)/atmel/avr tools/avr toolchain/bin/../lib/gcc/avr/4.5.1/../../../../avr/lib/avr4\libc.a(atoi.o) (__mulhi_const_10)
c:/program files (x86)/atmel/avr tools/avr toolchain/bin/../lib/gcc/avr/4.5.1/../../../../avr/lib/avr4\libc.a(utoa.o)
                              SecurityManager.o (utoa)
c:/program files (x86)/atmel/avr tools/avr toolchain/bin/../lib/gcc/avr/4.5.1/../../../../avr/lib/avr4\libc.a(strrev.o)
                              c:/program files (x86)/atmel/avr tools/avr toolchain/bin/../lib/gcc/avr/4.5.1/../../../../avr/lib/avr4\libc.a(itoa.o) (strrev)

Allocating common symbols
Common symbol       size              file

OW_OUT              0x2               onewire.o
OW_PIN_MASK         0x1               onewire.o
mUART_RxBuf_size2   0x1               mUART.o
mUART_RxBuf2        0x65              mUART.o
mUART_RxBuf         0x65              mUART.o
OW_IN               0x2               onewire.o
message             0x20              SecurityManager.o
HAS_RX_DATA2        0x1               mUART.o
mUART_RxBuf_size    0x1               mUART.o
OW_DDR              0x2               onewire.o
HAS_RX_DATA         0x1               mUART.o

Memory Configuration

Name             Origin             Length             Attributes
text             0x00000000         0x00002000         xr
data             0x00800060         0x0000ffa0         rw !x
eeprom           0x00810000         0x00010000         rw !x
fuse             0x00820000         0x00000400         rw !x
lock             0x00830000         0x00000400         rw !x
signature        0x00840000         0x00000400         rw !x
*default*        0x00000000         0xffffffff

Linker script and memory map

LOAD c:/program files (x86)/atmel/avr tools/avr toolchain/bin/../lib/gcc/avr/4.5.1/../../../../avr/lib/avr4/crtm8.o
LOAD SecurityManager.o
LOAD mUART.o
LOAD crc8.o
LOAD ds18x20.o
LOAD onewire.o
LOAD SIM900.o
LOAD spi.o
LOAD nrf24l01.o
LOAD c:/program files (x86)/atmel/avr tools/avr toolchain/bin/../lib/gcc/avr/4.5.1/avr4\libgcc.a
LOAD c:/program files (x86)/atmel/avr tools/avr toolchain/bin/../lib/gcc/avr/4.5.1/../../../../avr/lib/avr4\libc.a
LOAD c:/program files (x86)/atmel/avr tools/avr toolchain/bin/../lib/gcc/avr/4.5.1/avr4\libgcc.a

.hash
 *(.hash)

.dynsym
 *(.dynsym)

.dynstr
 *(.dynstr)

.gnu.version
 *(.gnu.version)

.gnu.version_d
 *(.gnu.version_d)

.gnu.version_r
 *(.gnu.version_r)

.rel.init
 *(.rel.init)

.rela.init
 *(.rela.init)

.rel.text
 *(.rel.text)
 *(.rel.text.*)
 *(.rel.gnu.linkonce.t*)

.rela.text
 *(.rela.text)
 *(.rela.text.*)
 *(.rela.gnu.linkonce.t*)

.rel.fini
 *(.rel.fini)

.rela.fini
 *(.rela.fini)

.rel.rodata
 *(.rel.rodata)
 *(.rel.rodata.*)
 *(.rel.gnu.linkonce.r*)

.rela.rodata
 *(.rela.rodata)
 *(.rela.rodata.*)
 *(.rela.gnu.linkonce.r*)

.rel.data
 *(.rel.data)
 *(.rel.data.*)
 *(.rel.gnu.linkonce.d*)

.rela.data
 *(.rela.data)
 *(.rela.data.*)
 *(.rela.gnu.linkonce.d*)

.rel.ctors
 *(.rel.ctors)

.rela.ctors
 *(.rela.ctors)

.rel.dtors
 *(.rel.dtors)

.rela.dtors
 *(.rela.dtors)

.rel.got
 *(.rel.got)

.rela.got
 *(.rela.got)

.rel.bss
 *(.rel.bss)

.rela.bss
 *(.rela.bss)

.rel.plt
 *(.rel.plt)

.rela.plt
 *(.rela.plt)

.text           0x00000000     0x1f3e
 *(.vectors)
 .vectors       0x00000000       0x26 c:/program files (x86)/atmel/avr tools/avr toolchain/bin/../lib/gcc/avr/4.5.1/../../../../avr/lib/avr4/crtm8.o
                0x00000000                __vector_default
                0x00000000                __vectors
 *(.vectors)
 *(.progmem.gcc*)
 *(.progmem*)
 .progmem.data  0x00000026       0x71 SecurityManager.o
                0x00000026                TEMPERATURE_STR
                0x0000002e                TEMPERATURE_UNITS_STR
                0x00000030                POWER_STR
                0x00000038                POWER_UNITS_STR
                0x0000003b                NO_INFO_STR
                0x00000057                ACCESS_DENIED_STR
                0x00000065                ERROR_COMMAND_STR
                0x00000073                OK_STR
                0x00000076                FAIL_STR
                0x0000007b                UNKNOWN_COMMAND_STR
                0x0000008b                CMTI_STR
 .progmem.data  0x00000097       0x1d SIM900.o
                0x00000097                CPAS_0_STR
                0x000000a0                CMGS_STR
                0x000000a7                CPBS_STR
                0x000000ae                CSQ_STR
                0x000000b4                . = ALIGN (0x2)
                0x000000b4                __trampolines_start = .
 *(.trampolines)
 .trampolines   0x000000b4        0x0 linker stubs
 *(.trampolines*)
                0x000000b4                __trampolines_end = .
 *(.jumptables)
 *(.jumptables*)
 *(.lowtext)
 *(.lowtext*)
                0x000000b4                __ctors_start = .
 *(.ctors)
                0x000000b4                __ctors_end = .
                0x000000b4                __dtors_start = .
 *(.dtors)
                0x000000b4                __dtors_end = .
 SORT(*)(.ctors)
 SORT(*)(.dtors)
 *(.init0)
 .init0         0x000000b4        0x0 c:/program files (x86)/atmel/avr tools/avr toolchain/bin/../lib/gcc/avr/4.5.1/../../../../avr/lib/avr4/crtm8.o
                0x000000b4                __init
 *(.init0)
 *(.init1)
 *(.init1)
 *(.init2)
 .init2         0x000000b4        0xc c:/program files (x86)/atmel/avr tools/avr toolchain/bin/../lib/gcc/avr/4.5.1/../../../../avr/lib/avr4/crtm8.o
 *(.init2)
 *(.init3)
 *(.init3)
 *(.init4)
 .init4         0x000000c0       0x16 c:/program files (x86)/atmel/avr tools/avr toolchain/bin/../lib/gcc/avr/4.5.1/avr4\libgcc.a(_copy_data.o)
                0x000000c0                __do_copy_data
 .init4         0x000000d6       0x10 c:/program files (x86)/atmel/avr tools/avr toolchain/bin/../lib/gcc/avr/4.5.1/avr4\libgcc.a(_clear_bss.o)
                0x000000d6                __do_clear_bss
 *(.init4)
 *(.init5)
 *(.init5)
 *(.init6)
 *(.init6)
 *(.init7)
 *(.init7)
 *(.init8)
 *(.init8)
 *(.init9)
 .init9         0x000000e6        0x4 c:/program files (x86)/atmel/avr tools/avr toolchain/bin/../lib/gcc/avr/4.5.1/../../../../avr/lib/avr4/crtm8.o
 *(.init9)
 *(.text)
 .text          0x000000ea        0x2 c:/program files (x86)/atmel/avr tools/avr toolchain/bin/../lib/gcc/avr/4.5.1/../../../../avr/lib/avr4/crtm8.o
                0x000000ea                __vector_1
                0x000000ea                __vector_12
                0x000000ea                __bad_interrupt
                0x000000ea                __vector_6
                0x000000ea                __vector_3
                0x000000ea                __vector_13
                0x000000ea                __vector_17
                0x000000ea                __vector_7
                0x000000ea                __vector_5
                0x000000ea                __vector_4
                0x000000ea                __vector_9
                0x000000ea                __vector_2
                0x000000ea                __vector_15
                0x000000ea                __vector_8
                0x000000ea                __vector_14
                0x000000ea                __vector_10
                0x000000ea                __vector_16
                0x000000ea                __vector_18
 .text          0x000000ec      0x418 SecurityManager.o
                0x000000ec                init_ADC
                0x000000f6                get_ADC
                0x0000011c                getTemperature
                0x00000166                setupDS18B20
                0x000001ae                getFormattedTemperature
                0x0000020e                getFormattedADC
                0x00000270                getFormattedFullInfo
                0x000002ce                send_data_on_radio
                0x0000034c                complete_command
                0x00000476                main
 .text          0x00000504      0x2dc mUART.o
                0x00000504                copy_to_main_buffer
                0x00000538                mUART_init
                0x00000556                mUART_putc
                0x0000055e                mUART_puts
                0x00000584                mUART_puti
                0x000005b8                mUART_putu
                0x000005ec                mUART_putl
                0x00000620                isHAS_RX_DATA
                0x00000626                mUART_lengthData
                0x0000062c                mUART_gets
                0x0000064e                mUART_getc
                0x00000678                mUART_clear_buffer
                0x00000692                mUART_wait_and_return_string
                0x000006d4                __vector_11
 .text          0x000007e0       0x3c crc8.o
                0x000007e0                crc8
 .text          0x0000081c      0x7e0 ds18x20.o
                0x00000a14                DS18X20_find_sensor
                0x00000a52                DS18X20_get_power_status
                0x00000a7a                DS18X20_start_meas
                0x00000ab8                DS18X20_conversion_in_progress
                0x00000ac6                DS18X20_format_from_decicelsius
                0x00000bbe                DS18X20_read_decicelsius
                0x00000c2c                DS18X20_read_decicelsius_single
                0x00000c92                DS18X20_read_maxres
                0x00000d04                DS18X20_read_maxres_single
                0x00000d6e                DS18X20_format_from_maxres
                0x00000eea                DS18X20_write_scratchpad
                0x00000f34                DS18X20_read_scratchpad
                0x00000f70                DS18X20_scratchpad_to_eeprom
                0x00000fc2                DS18X20_eeprom_to_scratchpad
 .text          0x00000ffc      0x2e4 onewire.o
                0x00000ffc                ow_input_pin_state
                0x0000100e                ow_parasite_enable
                0x000010ca                ow_parasite_disable
                0x000010f4                ow_reset
                0x0000117c                ow_set_bus
                0x000011aa                ow_bit_io
                0x000011b2                ow_byte_wr
                0x000011d2                ow_byte_wr_with_parasite_enable
                0x00001240                ow_byte_rd
                0x00001246                ow_rom_search
                0x000012d4                ow_command
                0x000012da                ow_command_with_parasite_enable
 .text          0x000012e0      0x492 SIM900.o
                0x000012e0                clear_sms_memory
                0x00001300                init_sim900
                0x0000137c                power_on_off
                0x00001422                send_sms
                0x00001504                add_telephone
                0x000015fa                call_on_number
                0x0000161c                break_call
                0x0000162a                answer_to_call
                0x00001638                get_power_signal
                0x0000163a                read_sms
 .text          0x00001772       0x20 spi.o
                0x00001772                spi_init
                0x00001788                spi_writereadbyte
 .text          0x00001792      0x4ae nrf24l01.o
                0x00001792                nrf24l01_readregister
                0x000017a0                nrf24l01_readregisters
                0x000017ec                nrf24l01_writeregister
                0x00001810                nrf24l01_writeregisters
                0x0000185c                nrf24l01_revaddress
                0x0000187e                nrf24l01_setrxaddr
                0x00001986                nrf24l01_settxaddr
                0x000019da                nrf24l01_flushRXfifo
                0x000019e4                nrf24l01_flushTXfifo
                0x000019ee                nrf24l01_setRX
                0x00001a28                nrf24l01_setTX
                0x00001a58                nrf24l01_getstatus
                0x00001a62                nrf24l01_readready
                0x00001a82                nrf24l01_read
                0x00001ad6                nrf24l01_write
                0x00001b4e                nrf24l01_setpalevel
                0x00001b5c                nrf24l01_setdatarate
                0x00001b6a                nrf24l01_setcrclength
                0x00001b78                nrf24l01_init
 .text          0x00001c40        0x0 c:/program files (x86)/atmel/avr tools/avr toolchain/bin/../lib/gcc/avr/4.5.1/avr4\libgcc.a(_mulsi3.o)
 .text          0x00001c40        0x0 c:/program files (x86)/atmel/avr tools/avr toolchain/bin/../lib/gcc/avr/4.5.1/avr4\libgcc.a(_divmodhi4.o)
 .text          0x00001c40        0x0 c:/program files (x86)/atmel/avr tools/avr toolchain/bin/../lib/gcc/avr/4.5.1/avr4\libgcc.a(_divmodsi4.o)
 .text          0x00001c40        0x0 c:/program files (x86)/atmel/avr tools/avr toolchain/bin/../lib/gcc/avr/4.5.1/avr4\libgcc.a(_exit.o)
 .text          0x00001c40        0x0 c:/program files (x86)/atmel/avr tools/avr toolchain/bin/../lib/gcc/avr/4.5.1/avr4\libgcc.a(_copy_data.o)
 .text          0x00001c40        0x0 c:/program files (x86)/atmel/avr tools/avr toolchain/bin/../lib/gcc/avr/4.5.1/avr4\libgcc.a(_clear_bss.o)
 .text          0x00001c40        0x0 c:/program files (x86)/atmel/avr tools/avr toolchain/bin/../lib/gcc/avr/4.5.1/avr4\libgcc.a(_udivmodhi4.o)
 .text          0x00001c40        0x0 c:/program files (x86)/atmel/avr tools/avr toolchain/bin/../lib/gcc/avr/4.5.1/avr4\libgcc.a(_udivmodsi4.o)
 .text          0x00001c40        0x0 c:/program files (x86)/atmel/avr tools/avr toolchain/bin/../lib/gcc/avr/4.5.1/../../../../avr/lib/avr4\libc.a(atoi.o)
 .text          0x00001c40        0x0 c:/program files (x86)/atmel/avr tools/avr toolchain/bin/../lib/gcc/avr/4.5.1/../../../../avr/lib/avr4\libc.a(strcat_P.o)
 .text          0x00001c40        0x0 c:/program files (x86)/atmel/avr tools/avr toolchain/bin/../lib/gcc/avr/4.5.1/../../../../avr/lib/avr4\libc.a(strcasestr.o)
 .text          0x00001c40        0x0 c:/program files (x86)/atmel/avr tools/avr toolchain/bin/../lib/gcc/avr/4.5.1/../../../../avr/lib/avr4\libc.a(strcasestr_P.o)
 .text          0x00001c40        0x0 c:/program files (x86)/atmel/avr tools/avr toolchain/bin/../lib/gcc/avr/4.5.1/../../../../avr/lib/avr4\libc.a(strcat.o)
 .text          0x00001c40        0x0 c:/program files (x86)/atmel/avr tools/avr toolchain/bin/../lib/gcc/avr/4.5.1/../../../../avr/lib/avr4\libc.a(itoa.o)
 .text          0x00001c40        0x0 c:/program files (x86)/atmel/avr tools/avr toolchain/bin/../lib/gcc/avr/4.5.1/../../../../avr/lib/avr4\libc.a(ltoa.o)
 .text          0x00001c40        0x0 c:/program files (x86)/atmel/avr tools/avr toolchain/bin/../lib/gcc/avr/4.5.1/../../../../avr/lib/avr4\libc.a(mul10.o)
 .text          0x00001c40        0x0 c:/program files (x86)/atmel/avr tools/avr toolchain/bin/../lib/gcc/avr/4.5.1/../../../../avr/lib/avr4\libc.a(utoa.o)
 .text          0x00001c40        0x0 c:/program files (x86)/atmel/avr tools/avr toolchain/bin/../lib/gcc/avr/4.5.1/../../../../avr/lib/avr4\libc.a(strrev.o)
                0x00001c40                . = ALIGN (0x2)
 *(.text.*)
 .text.libgcc   0x00001c40       0x3e c:/program files (x86)/atmel/avr tools/avr toolchain/bin/../lib/gcc/avr/4.5.1/avr4\libgcc.a(_mulsi3.o)
                0x00001c40                __mulsi3
 .text.libgcc   0x00001c7e       0x26 c:/program files (x86)/atmel/avr tools/avr toolchain/bin/../lib/gcc/avr/4.5.1/avr4\libgcc.a(_divmodhi4.o)
                0x00001c7e                _div
                0x00001c7e                __divmodhi4
 .text.libgcc   0x00001ca4       0x36 c:/program files (x86)/atmel/avr tools/avr toolchain/bin/../lib/gcc/avr/4.5.1/avr4\libgcc.a(_divmodsi4.o)
                0x00001ca4                __divmodsi4
 .text.libgcc   0x00001cda        0x0 c:/program files (x86)/atmel/avr tools/avr toolchain/bin/../lib/gcc/avr/4.5.1/avr4\libgcc.a(_exit.o)
 .text.libgcc   0x00001cda        0x0 c:/program files (x86)/atmel/avr tools/avr toolchain/bin/../lib/gcc/avr/4.5.1/avr4\libgcc.a(_copy_data.o)
 .text.libgcc   0x00001cda        0x0 c:/program files (x86)/atmel/avr tools/avr toolchain/bin/../lib/gcc/avr/4.5.1/avr4\libgcc.a(_clear_bss.o)
 .text.libgcc   0x00001cda       0x28 c:/program files (x86)/atmel/avr tools/avr toolchain/bin/../lib/gcc/avr/4.5.1/avr4\libgcc.a(_udivmodhi4.o)
                0x00001cda                __udivmodhi4
 .text.libgcc   0x00001d02       0x44 c:/program files (x86)/atmel/avr tools/avr toolchain/bin/../lib/gcc/avr/4.5.1/avr4\libgcc.a(_udivmodsi4.o)
                0x00001d02                __udivmodsi4
 .text.avr-libc
                0x00001d46       0x3a c:/program files (x86)/atmel/avr tools/avr toolchain/bin/../lib/gcc/avr/4.5.1/../../../../avr/lib/avr4\libc.a(atoi.o)
                0x00001d46                atoi
 .text.avr-libc
                0x00001d80       0x16 c:/program files (x86)/atmel/avr tools/avr toolchain/bin/../lib/gcc/avr/4.5.1/../../../../avr/lib/avr4\libc.a(strcat_P.o)
                0x00001d80                strcat_P
 .text.avr-libc
                0x00001d96       0x4a c:/program files (x86)/atmel/avr tools/avr toolchain/bin/../lib/gcc/avr/4.5.1/../../../../avr/lib/avr4\libc.a(strcasestr.o)
                0x00001d96                strcasestr
 .text.avr-libc
                0x00001de0       0x4a c:/program files (x86)/atmel/avr tools/avr toolchain/bin/../lib/gcc/avr/4.5.1/../../../../avr/lib/avr4\libc.a(strcasestr_P.o)
                0x00001de0                strcasestr_P
 .text.avr-libc
                0x00001e2a       0x16 c:/program files (x86)/atmel/avr tools/avr toolchain/bin/../lib/gcc/avr/4.5.1/../../../../avr/lib/avr4\libc.a(strcat.o)
                0x00001e2a                strcat
 .text.avr-libc
                0x00001e40       0x3e c:/program files (x86)/atmel/avr tools/avr toolchain/bin/../lib/gcc/avr/4.5.1/../../../../avr/lib/avr4\libc.a(itoa.o)
                0x00001e40                itoa
 .text.avr-libc
                0x00001e7e       0x64 c:/program files (x86)/atmel/avr tools/avr toolchain/bin/../lib/gcc/avr/4.5.1/../../../../avr/lib/avr4\libc.a(ltoa.o)
                0x00001e7e                ltoa
 .text.avr-libc
                0x00001ee2       0x10 c:/program files (x86)/atmel/avr tools/avr toolchain/bin/../lib/gcc/avr/4.5.1/../../../../avr/lib/avr4\libc.a(mul10.o)
                0x00001ee2                __mulhi_const_10
 .text.avr-libc
                0x00001ef2       0x28 c:/program files (x86)/atmel/avr tools/avr toolchain/bin/../lib/gcc/avr/4.5.1/../../../../avr/lib/avr4\libc.a(utoa.o)
                0x00001ef2                utoa
 .text.avr-libc
                0x00001f1a       0x20 c:/program files (x86)/atmel/avr tools/avr toolchain/bin/../lib/gcc/avr/4.5.1/../../../../avr/lib/avr4\libc.a(strrev.o)
                0x00001f1a                strrev
                0x00001f3a                . = ALIGN (0x2)
 *(.fini9)
 .fini9         0x00001f3a        0x0 c:/program files (x86)/atmel/avr tools/avr toolchain/bin/../lib/gcc/avr/4.5.1/avr4\libgcc.a(_exit.o)
                0x00001f3a                _exit
                0x00001f3a                exit
 *(.fini9)
 *(.fini8)
 *(.fini8)
 *(.fini7)
 *(.fini7)
 *(.fini6)
 *(.fini6)
 *(.fini5)
 *(.fini5)
 *(.fini4)
 *(.fini4)
 *(.fini3)
 *(.fini3)
 *(.fini2)
 *(.fini2)
 *(.fini1)
 *(.fini1)
 *(.fini0)
 .fini0         0x00001f3a        0x4 c:/program files (x86)/atmel/avr tools/avr toolchain/bin/../lib/gcc/avr/4.5.1/avr4\libgcc.a(_exit.o)
 *(.fini0)
                0x00001f3e                _etext = .

.data           0x00800060       0xc0 load address 0x00001f3e
                0x00800060                PROVIDE (__data_start, .)
 *(.data)
 .data          0x00800060        0x0 c:/program files (x86)/atmel/avr tools/avr toolchain/bin/../lib/gcc/avr/4.5.1/../../../../avr/lib/avr4/crtm8.o
 .data          0x00800060        0x7 SecurityManager.o
                0x00800062                ADDRESS
 .data          0x00800067        0x0 mUART.o
 .data          0x00800067        0x0 crc8.o
 .data          0x00800067        0x0 ds18x20.o
 .data          0x00800067        0x0 onewire.o
 .data          0x00800067       0x96 SIM900.o
 .data          0x008000fd        0x0 spi.o
 .data          0x008000fd       0x23 nrf24l01.o
 .data          0x00800120        0x0 c:/program files (x86)/atmel/avr tools/avr toolchain/bin/../lib/gcc/avr/4.5.1/avr4\libgcc.a(_mulsi3.o)
 .data          0x00800120        0x0 c:/program files (x86)/atmel/avr tools/avr toolchain/bin/../lib/gcc/avr/4.5.1/avr4\libgcc.a(_divmodhi4.o)
 .data          0x00800120        0x0 c:/program files (x86)/atmel/avr tools/avr toolchain/bin/../lib/gcc/avr/4.5.1/avr4\libgcc.a(_divmodsi4.o)
 .data          0x00800120        0x0 c:/program files (x86)/atmel/avr tools/avr toolchain/bin/../lib/gcc/avr/4.5.1/avr4\libgcc.a(_exit.o)
 .data          0x00800120        0x0 c:/program files (x86)/atmel/avr tools/avr toolchain/bin/../lib/gcc/avr/4.5.1/avr4\libgcc.a(_copy_data.o)
 .data          0x00800120        0x0 c:/program files (x86)/atmel/avr tools/avr toolchain/bin/../lib/gcc/avr/4.5.1/avr4\libgcc.a(_clear_bss.o)
 .data          0x00800120        0x0 c:/program files (x86)/atmel/avr tools/avr toolchain/bin/../lib/gcc/avr/4.5.1/avr4\libgcc.a(_udivmodhi4.o)
 .data          0x00800120        0x0 c:/program files (x86)/atmel/avr tools/avr toolchain/bin/../lib/gcc/avr/4.5.1/avr4\libgcc.a(_udivmodsi4.o)
 .data          0x00800120        0x0 c:/program files (x86)/atmel/avr tools/avr toolchain/bin/../lib/gcc/avr/4.5.1/../../../../avr/lib/avr4\libc.a(atoi.o)
 .data          0x00800120        0x0 c:/program files (x86)/atmel/avr tools/avr toolchain/bin/../lib/gcc/avr/4.5.1/../../../../avr/lib/avr4\libc.a(strcat_P.o)
 .data          0x00800120        0x0 c:/program files (x86)/atmel/avr tools/avr toolchain/bin/../lib/gcc/avr/4.5.1/../../../../avr/lib/avr4\libc.a(strcasestr.o)
 .data          0x00800120        0x0 c:/program files (x86)/atmel/avr tools/avr toolchain/bin/../lib/gcc/avr/4.5.1/../../../../avr/lib/avr4\libc.a(strcasestr_P.o)
 .data          0x00800120        0x0 c:/program files (x86)/atmel/avr tools/avr toolchain/bin/../lib/gcc/avr/4.5.1/../../../../avr/lib/avr4\libc.a(strcat.o)
 .data          0x00800120        0x0 c:/program files (x86)/atmel/avr tools/avr toolchain/bin/../lib/gcc/avr/4.5.1/../../../../avr/lib/avr4\libc.a(itoa.o)
 .data          0x00800120        0x0 c:/program files (x86)/atmel/avr tools/avr toolchain/bin/../lib/gcc/avr/4.5.1/../../../../avr/lib/avr4\libc.a(ltoa.o)
 .data          0x00800120        0x0 c:/program files (x86)/atmel/avr tools/avr toolchain/bin/../lib/gcc/avr/4.5.1/../../../../avr/lib/avr4\libc.a(mul10.o)
 .data          0x00800120        0x0 c:/program files (x86)/atmel/avr tools/avr toolchain/bin/../lib/gcc/avr/4.5.1/../../../../avr/lib/avr4\libc.a(utoa.o)
 .data          0x00800120        0x0 c:/program files (x86)/atmel/avr tools/avr toolchain/bin/../lib/gcc/avr/4.5.1/../../../../avr/lib/avr4\libc.a(strrev.o)
 *(.data*)
 *(.rodata)
 *(.rodata*)
 *(.gnu.linkonce.d*)
                0x00800120                . = ALIGN (0x2)
                0x00800120                _edata = .
                0x00800120                PROVIDE (__data_end, .)

.bss            0x00800120       0xf5
                0x00800120                PROVIDE (__bss_start, .)
 *(.bss)
 .bss           0x00800120        0x0 c:/program files (x86)/atmel/avr tools/avr toolchain/bin/../lib/gcc/avr/4.5.1/../../../../avr/lib/avr4/crtm8.o
 .bss           0x00800120        0x0 SecurityManager.o
 .bss           0x00800120        0x0 mUART.o
 .bss           0x00800120        0x0 crc8.o
 .bss           0x00800120        0x0 ds18x20.o
 .bss           0x00800120        0x0 onewire.o
 .bss           0x00800120        0x0 SIM900.o
 .bss           0x00800120        0x0 spi.o
 .bss           0x00800120        0x0 nrf24l01.o
 .bss           0x00800120        0x0 c:/program files (x86)/atmel/avr tools/avr toolchain/bin/../lib/gcc/avr/4.5.1/avr4\libgcc.a(_mulsi3.o)
 .bss           0x00800120        0x0 c:/program files (x86)/atmel/avr tools/avr toolchain/bin/../lib/gcc/avr/4.5.1/avr4\libgcc.a(_divmodhi4.o)
 .bss           0x00800120        0x0 c:/program files (x86)/atmel/avr tools/avr toolchain/bin/../lib/gcc/avr/4.5.1/avr4\libgcc.a(_divmodsi4.o)
 .bss           0x00800120        0x0 c:/program files (x86)/atmel/avr tools/avr toolchain/bin/../lib/gcc/avr/4.5.1/avr4\libgcc.a(_exit.o)
 .bss           0x00800120        0x0 c:/program files (x86)/atmel/avr tools/avr toolchain/bin/../lib/gcc/avr/4.5.1/avr4\libgcc.a(_copy_data.o)
 .bss           0x00800120        0x0 c:/program files (x86)/atmel/avr tools/avr toolchain/bin/../lib/gcc/avr/4.5.1/avr4\libgcc.a(_clear_bss.o)
 .bss           0x00800120        0x0 c:/program files (x86)/atmel/avr tools/avr toolchain/bin/../lib/gcc/avr/4.5.1/avr4\libgcc.a(_udivmodhi4.o)
 .bss           0x00800120        0x0 c:/program files (x86)/atmel/avr tools/avr toolchain/bin/../lib/gcc/avr/4.5.1/avr4\libgcc.a(_udivmodsi4.o)
 .bss           0x00800120        0x0 c:/program files (x86)/atmel/avr tools/avr toolchain/bin/../lib/gcc/avr/4.5.1/../../../../avr/lib/avr4\libc.a(atoi.o)
 .bss           0x00800120        0x0 c:/program files (x86)/atmel/avr tools/avr toolchain/bin/../lib/gcc/avr/4.5.1/../../../../avr/lib/avr4\libc.a(strcat_P.o)
 .bss           0x00800120        0x0 c:/program files (x86)/atmel/avr tools/avr toolchain/bin/../lib/gcc/avr/4.5.1/../../../../avr/lib/avr4\libc.a(strcasestr.o)
 .bss           0x00800120        0x0 c:/program files (x86)/atmel/avr tools/avr toolchain/bin/../lib/gcc/avr/4.5.1/../../../../avr/lib/avr4\libc.a(strcasestr_P.o)
 .bss           0x00800120        0x0 c:/program files (x86)/atmel/avr tools/avr toolchain/bin/../lib/gcc/avr/4.5.1/../../../../avr/lib/avr4\libc.a(strcat.o)
 .bss           0x00800120        0x0 c:/program files (x86)/atmel/avr tools/avr toolchain/bin/../lib/gcc/avr/4.5.1/../../../../avr/lib/avr4\libc.a(itoa.o)
 .bss           0x00800120        0x0 c:/program files (x86)/atmel/avr tools/avr toolchain/bin/../lib/gcc/avr/4.5.1/../../../../avr/lib/avr4\libc.a(ltoa.o)
 .bss           0x00800120        0x0 c:/program files (x86)/atmel/avr tools/avr toolchain/bin/../lib/gcc/avr/4.5.1/../../../../avr/lib/avr4\libc.a(mul10.o)
 .bss           0x00800120        0x0 c:/program files (x86)/atmel/avr tools/avr toolchain/bin/../lib/gcc/avr/4.5.1/../../../../avr/lib/avr4\libc.a(utoa.o)
 .bss           0x00800120        0x0 c:/program files (x86)/atmel/avr tools/avr toolchain/bin/../lib/gcc/avr/4.5.1/../../../../avr/lib/avr4\libc.a(strrev.o)
 *(.bss*)
 *(COMMON)
 COMMON         0x00800120       0x20 SecurityManager.o
                0x00800120                message
 COMMON         0x00800140       0xce mUART.o
                0x00800140                mUART_RxBuf_size2
                0x00800141                mUART_RxBuf2
                0x008001a6                mUART_RxBuf
                0x0080020b                HAS_RX_DATA2
                0x0080020c                mUART_RxBuf_size
                0x0080020d                HAS_RX_DATA
 COMMON         0x0080020e        0x7 onewire.o
                0x0080020e                OW_OUT
                0x00800210                OW_PIN_MASK
                0x00800211                OW_IN
                0x00800213                OW_DDR
                0x00800215                PROVIDE (__bss_end, .)
                0x00001f3e                __data_load_start = LOADADDR (.data)
                0x00001ffe                __data_load_end = (__data_load_start + SIZEOF (.data))

.noinit         0x00800215        0x0
                0x00800215                PROVIDE (__noinit_start, .)
 *(.noinit*)
                0x00800215                PROVIDE (__noinit_end, .)
                0x00800215                _end = .
                0x00800215                PROVIDE (__heap_start, .)

.eeprom         0x00810000        0x0
 *(.eeprom*)
                0x00810000                __eeprom_end = .

.fuse
 *(.fuse)
 *(.lfuse)
 *(.hfuse)
 *(.efuse)

.lock
 *(.lock*)

.signature
 *(.signature*)

.stab           0x00000000     0x1410
 *(.stab)
 .stab          0x00000000      0x6cc c:/program files (x86)/atmel/avr tools/avr toolchain/bin/../lib/gcc/avr/4.5.1/../../../../avr/lib/avr4/crtm8.o
 .stab          0x000006cc      0x174 c:/program files (x86)/atmel/avr tools/avr toolchain/bin/../lib/gcc/avr/4.5.1/../../../../avr/lib/avr4\libc.a(atoi.o)
                                0x180 (size before relaxing)
 .stab          0x00000840       0x9c c:/program files (x86)/atmel/avr tools/avr toolchain/bin/../lib/gcc/avr/4.5.1/../../../../avr/lib/avr4\libc.a(strcat_P.o)
                                 0xa8 (size before relaxing)
 .stab          0x000008dc      0x1ec c:/program files (x86)/atmel/avr tools/avr toolchain/bin/../lib/gcc/avr/4.5.1/../../../../avr/lib/avr4\libc.a(strcasestr.o)
                                0x1f8 (size before relaxing)
 .stab          0x00000ac8      0x1ec c:/program files (x86)/atmel/avr tools/avr toolchain/bin/../lib/gcc/avr/4.5.1/../../../../avr/lib/avr4\libc.a(strcasestr_P.o)
                                0x1f8 (size before relaxing)
 .stab          0x00000cb4       0x9c c:/program files (x86)/atmel/avr tools/avr toolchain/bin/../lib/gcc/avr/4.5.1/../../../../avr/lib/avr4\libc.a(strcat.o)
                                 0xa8 (size before relaxing)
 .stab          0x00000d50      0x1b0 c:/program files (x86)/atmel/avr tools/avr toolchain/bin/../lib/gcc/avr/4.5.1/../../../../avr/lib/avr4\libc.a(itoa.o)
                                0x1bc (size before relaxing)
 .stab          0x00000f00      0x294 c:/program files (x86)/atmel/avr tools/avr toolchain/bin/../lib/gcc/avr/4.5.1/../../../../avr/lib/avr4\libc.a(ltoa.o)
                                0x2a0 (size before relaxing)
 .stab          0x00001194       0x78 c:/program files (x86)/atmel/avr tools/avr toolchain/bin/../lib/gcc/avr/4.5.1/../../../../avr/lib/avr4\libc.a(mul10.o)
                                 0x84 (size before relaxing)
 .stab          0x0000120c      0x12c c:/program files (x86)/atmel/avr tools/avr toolchain/bin/../lib/gcc/avr/4.5.1/../../../../avr/lib/avr4\libc.a(utoa.o)
                                0x138 (size before relaxing)
 .stab          0x00001338       0xd8 c:/program files (x86)/atmel/avr tools/avr toolchain/bin/../lib/gcc/avr/4.5.1/../../../../avr/lib/avr4\libc.a(strrev.o)
                                 0xe4 (size before relaxing)

.stabstr        0x00000000      0x416
 *(.stabstr)
 .stabstr       0x00000000      0x416 c:/program files (x86)/atmel/avr tools/avr toolchain/bin/../lib/gcc/avr/4.5.1/../../../../avr/lib/avr4/crtm8.o

.stab.excl
 *(.stab.excl)

.stab.exclstr
 *(.stab.exclstr)

.stab.index
 *(.stab.index)

.stab.indexstr
 *(.stab.indexstr)

.comment
 *(.comment)

.debug
 *(.debug)

.line
 *(.line)

.debug_srcinfo
 *(.debug_srcinfo)

.debug_sfnames
 *(.debug_sfnames)

.debug_aranges  0x00000000      0x100
 *(.debug_aranges)
 .debug_aranges
                0x00000000       0x20 SecurityManager.o
 .debug_aranges
                0x00000020       0x20 mUART.o
 .debug_aranges
                0x00000040       0x20 crc8.o
 .debug_aranges
                0x00000060       0x20 ds18x20.o
 .debug_aranges
                0x00000080       0x20 onewire.o
 .debug_aranges
                0x000000a0       0x20 SIM900.o
 .debug_aranges
                0x000000c0       0x20 spi.o
 .debug_aranges
                0x000000e0       0x20 nrf24l01.o

.debug_pubnames
                0x00000000      0x92b
 *(.debug_pubnames)
 .debug_pubnames
                0x00000000      0x1ae SecurityManager.o
 .debug_pubnames
                0x000001ae      0x17e mUART.o
 .debug_pubnames
                0x0000032c       0x1b crc8.o
 .debug_pubnames
                0x00000347      0x1b7 ds18x20.o
 .debug_pubnames
                0x000004fe      0x139 onewire.o
 .debug_pubnames
                0x00000637       0xf3 SIM900.o
 .debug_pubnames
                0x0000072a       0x35 spi.o
 .debug_pubnames
                0x0000075f      0x1cc nrf24l01.o

.debug_info     0x00000000     0x2bfc
 *(.debug_info)
 .debug_info    0x00000000      0x736 SecurityManager.o
 .debug_info    0x00000736      0x4c2 mUART.o
 .debug_info    0x00000bf8      0x104 crc8.o
 .debug_info    0x00000cfc      0x863 ds18x20.o
 .debug_info    0x0000155f      0x6f8 onewire.o
 .debug_info    0x00001c57      0x7d8 SIM900.o
 .debug_info    0x0000242f       0xa6 spi.o
 .debug_info    0x000024d5      0x727 nrf24l01.o
 *(.gnu.linkonce.wi.*)

.debug_abbrev   0x00000000      0xedd
 *(.debug_abbrev)
 .debug_abbrev  0x00000000      0x248 SecurityManager.o
 .debug_abbrev  0x00000248      0x1fa mUART.o
 .debug_abbrev  0x00000442       0x95 crc8.o
 .debug_abbrev  0x000004d7      0x26a ds18x20.o
 .debug_abbrev  0x00000741      0x26b onewire.o
 .debug_abbrev  0x000009ac      0x2a7 SIM900.o
 .debug_abbrev  0x00000c53       0x70 spi.o
 .debug_abbrev  0x00000cc3      0x21a nrf24l01.o

.debug_line     0x00000000     0x26b6
 *(.debug_line)
 .debug_line    0x00000000      0x504 SecurityManager.o
 .debug_line    0x00000504      0x4de mUART.o
 .debug_line    0x000009e2      0x15f crc8.o
 .debug_line    0x00000b41      0x7f5 ds18x20.o
 .debug_line    0x00001336      0x565 onewire.o
 .debug_line    0x0000189b      0x616 SIM900.o
 .debug_line    0x00001eb1      0x118 spi.o
 .debug_line    0x00001fc9      0x6ed nrf24l01.o

.debug_frame    0x00000000      0x5f0
 *(.debug_frame)
 .debug_frame   0x00000000       0xb0 SecurityManager.o
 .debug_frame   0x000000b0       0xf0 mUART.o
 .debug_frame   0x000001a0       0x20 crc8.o
 .debug_frame   0x000001c0      0x120 ds18x20.o
 .debug_frame   0x000002e0       0xf0 onewire.o
 .debug_frame   0x000003d0       0xb0 SIM900.o
 .debug_frame   0x00000480       0x30 spi.o
 .debug_frame   0x000004b0      0x140 nrf24l01.o

.debug_str      0x00000000      0xb15
 *(.debug_str)
 .debug_str     0x00000000      0x2de SecurityManager.o
                                0x32b (size before relaxing)
 .debug_str     0x000002de      0x134 mUART.o
                                0x288 (size before relaxing)
 .debug_str     0x00000412       0x53 crc8.o
                                0x131 (size before relaxing)
 .debug_str     0x00000465      0x229 ds18x20.o
                                0x3b3 (size before relaxing)
 .debug_str     0x0000068e      0x159 onewire.o
                                0x2a2 (size before relaxing)
 .debug_str     0x000007e7       0xfd SIM900.o
                                0x276 (size before relaxing)
 .debug_str     0x000008e4       0x28 spi.o
                                 0xfd (size before relaxing)
 .debug_str     0x0000090c      0x209 nrf24l01.o
                                0x371 (size before relaxing)

.debug_loc      0x00000000     0x1b6f
 *(.debug_loc)
 .debug_loc     0x00000000      0x1db SecurityManager.o
 .debug_loc     0x000001db      0x1bf mUART.o
 .debug_loc     0x0000039a      0x120 crc8.o
 .debug_loc     0x000004ba      0xb5f ds18x20.o
 .debug_loc     0x00001019      0x46e onewire.o
 .debug_loc     0x00001487      0x338 SIM900.o
 .debug_loc     0x000017bf       0x1f spi.o
 .debug_loc     0x000017de      0x391 nrf24l01.o

.debug_macinfo
 *(.debug_macinfo)
OUTPUT(SecurityManager.elf elf32-avr)
LOAD linker stubs

.debug_pubtypes
                0x00000000      0x1d1
 .debug_pubtypes
                0x00000000       0x38 SecurityManager.o
 .debug_pubtypes
                0x00000038       0x38 mUART.o
 .debug_pubtypes
                0x00000070       0x2b crc8.o
 .debug_pubtypes
                0x0000009b       0x70 ds18x20.o
 .debug_pubtypes
                0x0000010b       0x38 onewire.o
 .debug_pubtypes
                0x00000143       0x38 SIM900.o
 .debug_pubtypes
                0x0000017b       0x1e spi.o
 .debug_pubtypes
                0x00000199       0x38 nrf24l01.o

.debug_ranges   0x00000000       0x30
 .debug_ranges  0x00000000       0x18 onewire.o
 .debug_ranges  0x00000018       0x18 SIM900.o
