Archive member included because of file (symbol)

c:/program files (x86)/atmel/avr tools/avr toolchain/bin/../lib/gcc/avr/4.5.1/avr4\libgcc.a(_mulsi3.o)
                              SmartSocket.o (__mulsi3)
c:/program files (x86)/atmel/avr tools/avr toolchain/bin/../lib/gcc/avr/4.5.1/avr4\libgcc.a(_divmodhi4.o)
                              ds18x20.o (__divmodhi4)
c:/program files (x86)/atmel/avr tools/avr toolchain/bin/../lib/gcc/avr/4.5.1/avr4\libgcc.a(_divmodsi4.o)
                              SmartSocket.o (__divmodsi4)
c:/program files (x86)/atmel/avr tools/avr toolchain/bin/../lib/gcc/avr/4.5.1/avr4\libgcc.a(_exit.o)
                              c:/program files (x86)/atmel/avr tools/avr toolchain/bin/../lib/gcc/avr/4.5.1/../../../../avr/lib/avr4/crtm8.o (exit)
c:/program files (x86)/atmel/avr tools/avr toolchain/bin/../lib/gcc/avr/4.5.1/avr4\libgcc.a(_copy_data.o)
                              SmartSocket.o (__do_copy_data)
c:/program files (x86)/atmel/avr tools/avr toolchain/bin/../lib/gcc/avr/4.5.1/avr4\libgcc.a(_clear_bss.o)
                              SmartSocket.o (__do_clear_bss)
c:/program files (x86)/atmel/avr tools/avr toolchain/bin/../lib/gcc/avr/4.5.1/avr4\libgcc.a(_udivmodhi4.o)
                              c:/program files (x86)/atmel/avr tools/avr toolchain/bin/../lib/gcc/avr/4.5.1/avr4\libgcc.a(_divmodhi4.o) (__udivmodhi4)
c:/program files (x86)/atmel/avr tools/avr toolchain/bin/../lib/gcc/avr/4.5.1/avr4\libgcc.a(_udivmodsi4.o)
                              c:/program files (x86)/atmel/avr tools/avr toolchain/bin/../lib/gcc/avr/4.5.1/avr4\libgcc.a(_divmodsi4.o) (__udivmodsi4)
c:/program files (x86)/atmel/avr tools/avr toolchain/bin/../lib/gcc/avr/4.5.1/../../../../avr/lib/avr4\libc.a(atoi.o)
                              SmartSocket.o (atoi)
c:/program files (x86)/atmel/avr tools/avr toolchain/bin/../lib/gcc/avr/4.5.1/../../../../avr/lib/avr4\libc.a(strcat_P.o)
                              SmartSocket.o (strcat_P)
c:/program files (x86)/atmel/avr tools/avr toolchain/bin/../lib/gcc/avr/4.5.1/../../../../avr/lib/avr4\libc.a(strcat.o)
                              SmartSocket.o (strcat)
c:/program files (x86)/atmel/avr tools/avr toolchain/bin/../lib/gcc/avr/4.5.1/../../../../avr/lib/avr4\libc.a(itoa.o)
                              mUART.o (itoa)
c:/program files (x86)/atmel/avr tools/avr toolchain/bin/../lib/gcc/avr/4.5.1/../../../../avr/lib/avr4\libc.a(ltoa.o)
                              mUART.o (ltoa)
c:/program files (x86)/atmel/avr tools/avr toolchain/bin/../lib/gcc/avr/4.5.1/../../../../avr/lib/avr4\libc.a(mul10.o)
                              c:/program files (x86)/atmel/avr tools/avr toolchain/bin/../lib/gcc/avr/4.5.1/../../../../avr/lib/avr4\libc.a(atoi.o) (__mulhi_const_10)
c:/program files (x86)/atmel/avr tools/avr toolchain/bin/../lib/gcc/avr/4.5.1/../../../../avr/lib/avr4\libc.a(utoa.o)
                              SmartSocket.o (utoa)
c:/program files (x86)/atmel/avr tools/avr toolchain/bin/../lib/gcc/avr/4.5.1/../../../../avr/lib/avr4\libc.a(eerd_byte_atmega8.o)
                              SmartSocket.o (__eerd_byte_m8)
c:/program files (x86)/atmel/avr tools/avr toolchain/bin/../lib/gcc/avr/4.5.1/../../../../avr/lib/avr4\libc.a(eewr_byte_atmega8.o)
                              SmartSocket.o (__eewr_byte_m8)
c:/program files (x86)/atmel/avr tools/avr toolchain/bin/../lib/gcc/avr/4.5.1/../../../../avr/lib/avr4\libc.a(strrev.o)
                              c:/program files (x86)/atmel/avr tools/avr toolchain/bin/../lib/gcc/avr/4.5.1/../../../../avr/lib/avr4\libc.a(itoa.o) (strrev)

Allocating common symbols
Common symbol       size              file

OW_OUT              0x2               onewire.o
OW_PIN_MASK         0x1               onewire.o
OW_IN               0x2               onewire.o
message             0x20              SmartSocket.o
OW_DDR              0x2               onewire.o

Memory Configuration

Name             Origin             Length             Attributes
text             0x00000000         0x00002000         xr
data             0x00800060         0x0000ffa0         rw !x
eeprom           0x00810000         0x00010000         rw !x
fuse             0x00820000         0x00000400         rw !x
lock             0x00830000         0x00000400         rw !x
signature        0x00840000         0x00000400         rw !x
*default*        0x00000000         0xffffffff

Linker script and memory map

LOAD c:/program files (x86)/atmel/avr tools/avr toolchain/bin/../lib/gcc/avr/4.5.1/../../../../avr/lib/avr4/crtm8.o
LOAD SmartSocket.o
LOAD crc8.o
LOAD ds18x20.o
LOAD mUART.o
LOAD onewire.o
LOAD spi.o
LOAD nrf24l01.o
LOAD c:/program files (x86)/atmel/avr tools/avr toolchain/bin/../lib/gcc/avr/4.5.1/avr4\libgcc.a
LOAD c:/program files (x86)/atmel/avr tools/avr toolchain/bin/../lib/gcc/avr/4.5.1/../../../../avr/lib/avr4\libc.a
LOAD c:/program files (x86)/atmel/avr tools/avr toolchain/bin/../lib/gcc/avr/4.5.1/avr4\libgcc.a

.hash
 *(.hash)

.dynsym
 *(.dynsym)

.dynstr
 *(.dynstr)

.gnu.version
 *(.gnu.version)

.gnu.version_d
 *(.gnu.version_d)

.gnu.version_r
 *(.gnu.version_r)

.rel.init
 *(.rel.init)

.rela.init
 *(.rela.init)

.rel.text
 *(.rel.text)
 *(.rel.text.*)
 *(.rel.gnu.linkonce.t*)

.rela.text
 *(.rela.text)
 *(.rela.text.*)
 *(.rela.gnu.linkonce.t*)

.rel.fini
 *(.rel.fini)

.rela.fini
 *(.rela.fini)

.rel.rodata
 *(.rel.rodata)
 *(.rel.rodata.*)
 *(.rel.gnu.linkonce.r*)

.rela.rodata
 *(.rela.rodata)
 *(.rela.rodata.*)
 *(.rela.gnu.linkonce.r*)

.rel.data
 *(.rel.data)
 *(.rel.data.*)
 *(.rel.gnu.linkonce.d*)

.rela.data
 *(.rela.data)
 *(.rela.data.*)
 *(.rela.gnu.linkonce.d*)

.rel.ctors
 *(.rel.ctors)

.rela.ctors
 *(.rela.ctors)

.rel.dtors
 *(.rel.dtors)

.rela.dtors
 *(.rela.dtors)

.rel.got
 *(.rel.got)

.rela.got
 *(.rela.got)

.rel.bss
 *(.rel.bss)

.rela.bss
 *(.rela.bss)

.rel.plt
 *(.rel.plt)

.rela.plt
 *(.rela.plt)

.text           0x00000000     0x17de
 *(.vectors)
 .vectors       0x00000000       0x26 c:/program files (x86)/atmel/avr tools/avr toolchain/bin/../lib/gcc/avr/4.5.1/../../../../avr/lib/avr4/crtm8.o
                0x00000000                __vector_default
                0x00000000                __vectors
 *(.vectors)
 *(.progmem.gcc*)
 *(.progmem*)
 .progmem.data  0x00000026       0x51 SmartSocket.o
                0x00000026                SOCKET_ON_STR
                0x00000031                SOCKET_OFF_STR
                0x0000003d                TEMPERATURE_STR
                0x00000045                TEMPERATURE_UNITS_STR
                0x00000047                POWER_STR
                0x0000004f                POWER_UNITS_STR
                0x00000052                SHORT_TEMPERATURE_STR
                0x00000056                SHORT_POWER_STR
                0x0000005a                SHORT_SOCKET_ON_STR
                0x00000060                SHORT_SOCKET_OFF_STR
                0x00000067                UNKNOWN_COMMAND_STR
                0x00000078                . = ALIGN (0x2)
 *fill*         0x00000077        0x1 00
                0x00000078                __trampolines_start = .
 *(.trampolines)
 .trampolines   0x00000078        0x0 linker stubs
 *(.trampolines*)
                0x00000078                __trampolines_end = .
 *(.jumptables)
 *(.jumptables*)
 *(.lowtext)
 *(.lowtext*)
                0x00000078                __ctors_start = .
 *(.ctors)
                0x00000078                __ctors_end = .
                0x00000078                __dtors_start = .
 *(.dtors)
                0x00000078                __dtors_end = .
 SORT(*)(.ctors)
 SORT(*)(.dtors)
 *(.init0)
 .init0         0x00000078        0x0 c:/program files (x86)/atmel/avr tools/avr toolchain/bin/../lib/gcc/avr/4.5.1/../../../../avr/lib/avr4/crtm8.o
                0x00000078                __init
 *(.init0)
 *(.init1)
 *(.init1)
 *(.init2)
 .init2         0x00000078        0xc c:/program files (x86)/atmel/avr tools/avr toolchain/bin/../lib/gcc/avr/4.5.1/../../../../avr/lib/avr4/crtm8.o
 *(.init2)
 *(.init3)
 *(.init3)
 *(.init4)
 .init4         0x00000084       0x16 c:/program files (x86)/atmel/avr tools/avr toolchain/bin/../lib/gcc/avr/4.5.1/avr4\libgcc.a(_copy_data.o)
                0x00000084                __do_copy_data
 .init4         0x0000009a       0x10 c:/program files (x86)/atmel/avr tools/avr toolchain/bin/../lib/gcc/avr/4.5.1/avr4\libgcc.a(_clear_bss.o)
                0x0000009a                __do_clear_bss
 *(.init4)
 *(.init5)
 *(.init5)
 *(.init6)
 *(.init6)
 *(.init7)
 *(.init7)
 *(.init8)
 *(.init8)
 *(.init9)
 .init9         0x000000aa        0x4 c:/program files (x86)/atmel/avr tools/avr toolchain/bin/../lib/gcc/avr/4.5.1/../../../../avr/lib/avr4/crtm8.o
 *(.init9)
 *(.text)
 .text          0x000000ae        0x2 c:/program files (x86)/atmel/avr tools/avr toolchain/bin/../lib/gcc/avr/4.5.1/../../../../avr/lib/avr4/crtm8.o
                0x000000ae                __vector_1
                0x000000ae                __vector_12
                0x000000ae                __bad_interrupt
                0x000000ae                __vector_6
                0x000000ae                __vector_3
                0x000000ae                __vector_13
                0x000000ae                __vector_17
                0x000000ae                __vector_7
                0x000000ae                __vector_5
                0x000000ae                __vector_4
                0x000000ae                __vector_9
                0x000000ae                __vector_2
                0x000000ae                __vector_15
                0x000000ae                __vector_8
                0x000000ae                __vector_14
                0x000000ae                __vector_10
                0x000000ae                __vector_16
                0x000000ae                __vector_18
 .text          0x000000b0      0x2f6 SmartSocket.o
                0x000000b0                relay_on
                0x000000be                relay_off
                0x000000cc                init_ADC
                0x000000d6                get_ADC
                0x000000fc                getTemperature
                0x00000146                setupDS18B20
                0x0000018e                send_message
                0x000001c2                processing_command
                0x00000338                recive_data_from_nrf
                0x00000352                return_state_socket
                0x00000364                main
 .text          0x000003a6       0x3c crc8.o
                0x000003a6                crc8
 .text          0x000003e2      0x7e0 ds18x20.o
                0x000005da                DS18X20_find_sensor
                0x00000618                DS18X20_get_power_status
                0x00000640                DS18X20_start_meas
                0x0000067e                DS18X20_conversion_in_progress
                0x0000068c                DS18X20_format_from_decicelsius
                0x00000784                DS18X20_read_decicelsius
                0x000007f2                DS18X20_read_decicelsius_single
                0x00000858                DS18X20_read_maxres
                0x000008ca                DS18X20_read_maxres_single
                0x00000934                DS18X20_format_from_maxres
                0x00000ab0                DS18X20_write_scratchpad
                0x00000afa                DS18X20_read_scratchpad
                0x00000b36                DS18X20_scratchpad_to_eeprom
                0x00000b88                DS18X20_eeprom_to_scratchpad
 .text          0x00000bc2      0x1d6 mUART.o
                0x00000bc2                mUART_init
                0x00000bd8                mUART_putc
                0x00000be0                mUART_puts
                0x00000c06                mUART_puti
                0x00000c3a                mUART_putu
                0x00000c6e                mUART_putl
                0x00000ca2                isHAS_RX_DATA
                0x00000ca8                mUART_lengthData
                0x00000cae                mUART_gets
                0x00000cd4                mUART_getc
                0x00000cfa                __vector_11
 .text          0x00000d98      0x2e4 onewire.o
                0x00000d98                ow_input_pin_state
                0x00000daa                ow_parasite_enable
                0x00000e66                ow_parasite_disable
                0x00000e90                ow_reset
                0x00000f18                ow_set_bus
                0x00000f46                ow_bit_io
                0x00000f4e                ow_byte_wr
                0x00000f6e                ow_byte_wr_with_parasite_enable
                0x00000fdc                ow_byte_rd
                0x00000fe2                ow_rom_search
                0x00001070                ow_command
                0x00001076                ow_command_with_parasite_enable
 .text          0x0000107c       0x20 spi.o
                0x0000107c                spi_init
                0x00001092                spi_writereadbyte
 .text          0x0000109c      0x4ae nrf24l01.o
                0x0000109c                nrf24l01_readregister
                0x000010aa                nrf24l01_readregisters
                0x000010f6                nrf24l01_writeregister
                0x0000111a                nrf24l01_writeregisters
                0x00001166                nrf24l01_revaddress
                0x00001188                nrf24l01_setrxaddr
                0x00001290                nrf24l01_settxaddr
                0x000012e4                nrf24l01_flushRXfifo
                0x000012ee                nrf24l01_flushTXfifo
                0x000012f8                nrf24l01_setRX
                0x00001332                nrf24l01_setTX
                0x00001362                nrf24l01_getstatus
                0x0000136c                nrf24l01_readready
                0x0000138c                nrf24l01_read
                0x000013e0                nrf24l01_write
                0x00001458                nrf24l01_setpalevel
                0x00001466                nrf24l01_setdatarate
                0x00001474                nrf24l01_setcrclength
                0x00001482                nrf24l01_init
 .text          0x0000154a        0x0 c:/program files (x86)/atmel/avr tools/avr toolchain/bin/../lib/gcc/avr/4.5.1/avr4\libgcc.a(_mulsi3.o)
 .text          0x0000154a        0x0 c:/program files (x86)/atmel/avr tools/avr toolchain/bin/../lib/gcc/avr/4.5.1/avr4\libgcc.a(_divmodhi4.o)
 .text          0x0000154a        0x0 c:/program files (x86)/atmel/avr tools/avr toolchain/bin/../lib/gcc/avr/4.5.1/avr4\libgcc.a(_divmodsi4.o)
 .text          0x0000154a        0x0 c:/program files (x86)/atmel/avr tools/avr toolchain/bin/../lib/gcc/avr/4.5.1/avr4\libgcc.a(_exit.o)
 .text          0x0000154a        0x0 c:/program files (x86)/atmel/avr tools/avr toolchain/bin/../lib/gcc/avr/4.5.1/avr4\libgcc.a(_copy_data.o)
 .text          0x0000154a        0x0 c:/program files (x86)/atmel/avr tools/avr toolchain/bin/../lib/gcc/avr/4.5.1/avr4\libgcc.a(_clear_bss.o)
 .text          0x0000154a        0x0 c:/program files (x86)/atmel/avr tools/avr toolchain/bin/../lib/gcc/avr/4.5.1/avr4\libgcc.a(_udivmodhi4.o)
 .text          0x0000154a        0x0 c:/program files (x86)/atmel/avr tools/avr toolchain/bin/../lib/gcc/avr/4.5.1/avr4\libgcc.a(_udivmodsi4.o)
 .text          0x0000154a        0x0 c:/program files (x86)/atmel/avr tools/avr toolchain/bin/../lib/gcc/avr/4.5.1/../../../../avr/lib/avr4\libc.a(atoi.o)
 .text          0x0000154a        0x0 c:/program files (x86)/atmel/avr tools/avr toolchain/bin/../lib/gcc/avr/4.5.1/../../../../avr/lib/avr4\libc.a(strcat_P.o)
 .text          0x0000154a        0x0 c:/program files (x86)/atmel/avr tools/avr toolchain/bin/../lib/gcc/avr/4.5.1/../../../../avr/lib/avr4\libc.a(strcat.o)
 .text          0x0000154a        0x0 c:/program files (x86)/atmel/avr tools/avr toolchain/bin/../lib/gcc/avr/4.5.1/../../../../avr/lib/avr4\libc.a(itoa.o)
 .text          0x0000154a        0x0 c:/program files (x86)/atmel/avr tools/avr toolchain/bin/../lib/gcc/avr/4.5.1/../../../../avr/lib/avr4\libc.a(ltoa.o)
 .text          0x0000154a        0x0 c:/program files (x86)/atmel/avr tools/avr toolchain/bin/../lib/gcc/avr/4.5.1/../../../../avr/lib/avr4\libc.a(mul10.o)
 .text          0x0000154a        0x0 c:/program files (x86)/atmel/avr tools/avr toolchain/bin/../lib/gcc/avr/4.5.1/../../../../avr/lib/avr4\libc.a(utoa.o)
 .text          0x0000154a        0x0 c:/program files (x86)/atmel/avr tools/avr toolchain/bin/../lib/gcc/avr/4.5.1/../../../../avr/lib/avr4\libc.a(eerd_byte_atmega8.o)
 .text          0x0000154a        0x0 c:/program files (x86)/atmel/avr tools/avr toolchain/bin/../lib/gcc/avr/4.5.1/../../../../avr/lib/avr4\libc.a(eewr_byte_atmega8.o)
 .text          0x0000154a        0x0 c:/program files (x86)/atmel/avr tools/avr toolchain/bin/../lib/gcc/avr/4.5.1/../../../../avr/lib/avr4\libc.a(strrev.o)
                0x0000154a                . = ALIGN (0x2)
 *(.text.*)
 .text.libgcc   0x0000154a       0x3e c:/program files (x86)/atmel/avr tools/avr toolchain/bin/../lib/gcc/avr/4.5.1/avr4\libgcc.a(_mulsi3.o)
                0x0000154a                __mulsi3
 .text.libgcc   0x00001588       0x26 c:/program files (x86)/atmel/avr tools/avr toolchain/bin/../lib/gcc/avr/4.5.1/avr4\libgcc.a(_divmodhi4.o)
                0x00001588                _div
                0x00001588                __divmodhi4
 .text.libgcc   0x000015ae       0x36 c:/program files (x86)/atmel/avr tools/avr toolchain/bin/../lib/gcc/avr/4.5.1/avr4\libgcc.a(_divmodsi4.o)
                0x000015ae                __divmodsi4
 .text.libgcc   0x000015e4        0x0 c:/program files (x86)/atmel/avr tools/avr toolchain/bin/../lib/gcc/avr/4.5.1/avr4\libgcc.a(_exit.o)
 .text.libgcc   0x000015e4        0x0 c:/program files (x86)/atmel/avr tools/avr toolchain/bin/../lib/gcc/avr/4.5.1/avr4\libgcc.a(_copy_data.o)
 .text.libgcc   0x000015e4        0x0 c:/program files (x86)/atmel/avr tools/avr toolchain/bin/../lib/gcc/avr/4.5.1/avr4\libgcc.a(_clear_bss.o)
 .text.libgcc   0x000015e4       0x28 c:/program files (x86)/atmel/avr tools/avr toolchain/bin/../lib/gcc/avr/4.5.1/avr4\libgcc.a(_udivmodhi4.o)
                0x000015e4                __udivmodhi4
 .text.libgcc   0x0000160c       0x44 c:/program files (x86)/atmel/avr tools/avr toolchain/bin/../lib/gcc/avr/4.5.1/avr4\libgcc.a(_udivmodsi4.o)
                0x0000160c                __udivmodsi4
 .text.avr-libc
                0x00001650       0x3a c:/program files (x86)/atmel/avr tools/avr toolchain/bin/../lib/gcc/avr/4.5.1/../../../../avr/lib/avr4\libc.a(atoi.o)
                0x00001650                atoi
 .text.avr-libc
                0x0000168a       0x16 c:/program files (x86)/atmel/avr tools/avr toolchain/bin/../lib/gcc/avr/4.5.1/../../../../avr/lib/avr4\libc.a(strcat_P.o)
                0x0000168a                strcat_P
 .text.avr-libc
                0x000016a0       0x16 c:/program files (x86)/atmel/avr tools/avr toolchain/bin/../lib/gcc/avr/4.5.1/../../../../avr/lib/avr4\libc.a(strcat.o)
                0x000016a0                strcat
 .text.avr-libc
                0x000016b6       0x3e c:/program files (x86)/atmel/avr tools/avr toolchain/bin/../lib/gcc/avr/4.5.1/../../../../avr/lib/avr4\libc.a(itoa.o)
                0x000016b6                itoa
 .text.avr-libc
                0x000016f4       0x64 c:/program files (x86)/atmel/avr tools/avr toolchain/bin/../lib/gcc/avr/4.5.1/../../../../avr/lib/avr4\libc.a(ltoa.o)
                0x000016f4                ltoa
 .text.avr-libc
                0x00001758       0x10 c:/program files (x86)/atmel/avr tools/avr toolchain/bin/../lib/gcc/avr/4.5.1/../../../../avr/lib/avr4\libc.a(mul10.o)
                0x00001758                __mulhi_const_10
 .text.avr-libc
                0x00001768       0x28 c:/program files (x86)/atmel/avr tools/avr toolchain/bin/../lib/gcc/avr/4.5.1/../../../../avr/lib/avr4\libc.a(utoa.o)
                0x00001768                utoa
 .text.avr-libc
                0x00001790       0x10 c:/program files (x86)/atmel/avr tools/avr toolchain/bin/../lib/gcc/avr/4.5.1/../../../../avr/lib/avr4\libc.a(eerd_byte_atmega8.o)
                0x00001790                __eerd_byte_m8
 .text.avr-libc
                0x000017a0       0x1a c:/program files (x86)/atmel/avr tools/avr toolchain/bin/../lib/gcc/avr/4.5.1/../../../../avr/lib/avr4\libc.a(eewr_byte_atmega8.o)
                0x000017a0                __eewr_byte_m8
                0x000017a2                __eewr_r18_m8
 .text.avr-libc
                0x000017ba       0x20 c:/program files (x86)/atmel/avr tools/avr toolchain/bin/../lib/gcc/avr/4.5.1/../../../../avr/lib/avr4\libc.a(strrev.o)
                0x000017ba                strrev
                0x000017da                . = ALIGN (0x2)
 *(.fini9)
 .fini9         0x000017da        0x0 c:/program files (x86)/atmel/avr tools/avr toolchain/bin/../lib/gcc/avr/4.5.1/avr4\libgcc.a(_exit.o)
                0x000017da                _exit
                0x000017da                exit
 *(.fini9)
 *(.fini8)
 *(.fini8)
 *(.fini7)
 *(.fini7)
 *(.fini6)
 *(.fini6)
 *(.fini5)
 *(.fini5)
 *(.fini4)
 *(.fini4)
 *(.fini3)
 *(.fini3)
 *(.fini2)
 *(.fini2)
 *(.fini1)
 *(.fini1)
 *(.fini0)
 .fini0         0x000017da        0x4 c:/program files (x86)/atmel/avr tools/avr toolchain/bin/../lib/gcc/avr/4.5.1/avr4\libgcc.a(_exit.o)
 *(.fini0)
                0x000017de                _etext = .

.data           0x00800060       0x2a load address 0x000017de
                0x00800060                PROVIDE (__data_start, .)
 *(.data)
 .data          0x00800060        0x0 c:/program files (x86)/atmel/avr tools/avr toolchain/bin/../lib/gcc/avr/4.5.1/../../../../avr/lib/avr4/crtm8.o
 .data          0x00800060        0x7 SmartSocket.o
                0x00800062                ADDRESS
 .data          0x00800067        0x0 crc8.o
 .data          0x00800067        0x0 ds18x20.o
 .data          0x00800067        0x0 mUART.o
 .data          0x00800067        0x0 onewire.o
 .data          0x00800067        0x0 spi.o
 .data          0x00800067       0x23 nrf24l01.o
 .data          0x0080008a        0x0 c:/program files (x86)/atmel/avr tools/avr toolchain/bin/../lib/gcc/avr/4.5.1/avr4\libgcc.a(_mulsi3.o)
 .data          0x0080008a        0x0 c:/program files (x86)/atmel/avr tools/avr toolchain/bin/../lib/gcc/avr/4.5.1/avr4\libgcc.a(_divmodhi4.o)
 .data          0x0080008a        0x0 c:/program files (x86)/atmel/avr tools/avr toolchain/bin/../lib/gcc/avr/4.5.1/avr4\libgcc.a(_divmodsi4.o)
 .data          0x0080008a        0x0 c:/program files (x86)/atmel/avr tools/avr toolchain/bin/../lib/gcc/avr/4.5.1/avr4\libgcc.a(_exit.o)
 .data          0x0080008a        0x0 c:/program files (x86)/atmel/avr tools/avr toolchain/bin/../lib/gcc/avr/4.5.1/avr4\libgcc.a(_copy_data.o)
 .data          0x0080008a        0x0 c:/program files (x86)/atmel/avr tools/avr toolchain/bin/../lib/gcc/avr/4.5.1/avr4\libgcc.a(_clear_bss.o)
 .data          0x0080008a        0x0 c:/program files (x86)/atmel/avr tools/avr toolchain/bin/../lib/gcc/avr/4.5.1/avr4\libgcc.a(_udivmodhi4.o)
 .data          0x0080008a        0x0 c:/program files (x86)/atmel/avr tools/avr toolchain/bin/../lib/gcc/avr/4.5.1/avr4\libgcc.a(_udivmodsi4.o)
 .data          0x0080008a        0x0 c:/program files (x86)/atmel/avr tools/avr toolchain/bin/../lib/gcc/avr/4.5.1/../../../../avr/lib/avr4\libc.a(atoi.o)
 .data          0x0080008a        0x0 c:/program files (x86)/atmel/avr tools/avr toolchain/bin/../lib/gcc/avr/4.5.1/../../../../avr/lib/avr4\libc.a(strcat_P.o)
 .data          0x0080008a        0x0 c:/program files (x86)/atmel/avr tools/avr toolchain/bin/../lib/gcc/avr/4.5.1/../../../../avr/lib/avr4\libc.a(strcat.o)
 .data          0x0080008a        0x0 c:/program files (x86)/atmel/avr tools/avr toolchain/bin/../lib/gcc/avr/4.5.1/../../../../avr/lib/avr4\libc.a(itoa.o)
 .data          0x0080008a        0x0 c:/program files (x86)/atmel/avr tools/avr toolchain/bin/../lib/gcc/avr/4.5.1/../../../../avr/lib/avr4\libc.a(ltoa.o)
 .data          0x0080008a        0x0 c:/program files (x86)/atmel/avr tools/avr toolchain/bin/../lib/gcc/avr/4.5.1/../../../../avr/lib/avr4\libc.a(mul10.o)
 .data          0x0080008a        0x0 c:/program files (x86)/atmel/avr tools/avr toolchain/bin/../lib/gcc/avr/4.5.1/../../../../avr/lib/avr4\libc.a(utoa.o)
 .data          0x0080008a        0x0 c:/program files (x86)/atmel/avr tools/avr toolchain/bin/../lib/gcc/avr/4.5.1/../../../../avr/lib/avr4\libc.a(eerd_byte_atmega8.o)
 .data          0x0080008a        0x0 c:/program files (x86)/atmel/avr tools/avr toolchain/bin/../lib/gcc/avr/4.5.1/../../../../avr/lib/avr4\libc.a(eewr_byte_atmega8.o)
 .data          0x0080008a        0x0 c:/program files (x86)/atmel/avr tools/avr toolchain/bin/../lib/gcc/avr/4.5.1/../../../../avr/lib/avr4\libc.a(strrev.o)
 *(.data*)
 *(.rodata)
 *(.rodata*)
 *(.gnu.linkonce.d*)
                0x0080008a                . = ALIGN (0x2)
                0x0080008a                _edata = .
                0x0080008a                PROVIDE (__data_end, .)

.bss            0x0080008a       0x8e
                0x0080008a                PROVIDE (__bss_start, .)
 *(.bss)
 .bss           0x0080008a        0x0 c:/program files (x86)/atmel/avr tools/avr toolchain/bin/../lib/gcc/avr/4.5.1/../../../../avr/lib/avr4/crtm8.o
 .bss           0x0080008a        0x0 SmartSocket.o
 .bss           0x0080008a        0x0 crc8.o
 .bss           0x0080008a        0x0 ds18x20.o
 .bss           0x0080008a       0x67 mUART.o
 .bss           0x008000f1        0x0 onewire.o
 .bss           0x008000f1        0x0 spi.o
 .bss           0x008000f1        0x0 nrf24l01.o
 .bss           0x008000f1        0x0 c:/program files (x86)/atmel/avr tools/avr toolchain/bin/../lib/gcc/avr/4.5.1/avr4\libgcc.a(_mulsi3.o)
 .bss           0x008000f1        0x0 c:/program files (x86)/atmel/avr tools/avr toolchain/bin/../lib/gcc/avr/4.5.1/avr4\libgcc.a(_divmodhi4.o)
 .bss           0x008000f1        0x0 c:/program files (x86)/atmel/avr tools/avr toolchain/bin/../lib/gcc/avr/4.5.1/avr4\libgcc.a(_divmodsi4.o)
 .bss           0x008000f1        0x0 c:/program files (x86)/atmel/avr tools/avr toolchain/bin/../lib/gcc/avr/4.5.1/avr4\libgcc.a(_exit.o)
 .bss           0x008000f1        0x0 c:/program files (x86)/atmel/avr tools/avr toolchain/bin/../lib/gcc/avr/4.5.1/avr4\libgcc.a(_copy_data.o)
 .bss           0x008000f1        0x0 c:/program files (x86)/atmel/avr tools/avr toolchain/bin/../lib/gcc/avr/4.5.1/avr4\libgcc.a(_clear_bss.o)
 .bss           0x008000f1        0x0 c:/program files (x86)/atmel/avr tools/avr toolchain/bin/../lib/gcc/avr/4.5.1/avr4\libgcc.a(_udivmodhi4.o)
 .bss           0x008000f1        0x0 c:/program files (x86)/atmel/avr tools/avr toolchain/bin/../lib/gcc/avr/4.5.1/avr4\libgcc.a(_udivmodsi4.o)
 .bss           0x008000f1        0x0 c:/program files (x86)/atmel/avr tools/avr toolchain/bin/../lib/gcc/avr/4.5.1/../../../../avr/lib/avr4\libc.a(atoi.o)
 .bss           0x008000f1        0x0 c:/program files (x86)/atmel/avr tools/avr toolchain/bin/../lib/gcc/avr/4.5.1/../../../../avr/lib/avr4\libc.a(strcat_P.o)
 .bss           0x008000f1        0x0 c:/program files (x86)/atmel/avr tools/avr toolchain/bin/../lib/gcc/avr/4.5.1/../../../../avr/lib/avr4\libc.a(strcat.o)
 .bss           0x008000f1        0x0 c:/program files (x86)/atmel/avr tools/avr toolchain/bin/../lib/gcc/avr/4.5.1/../../../../avr/lib/avr4\libc.a(itoa.o)
 .bss           0x008000f1        0x0 c:/program files (x86)/atmel/avr tools/avr toolchain/bin/../lib/gcc/avr/4.5.1/../../../../avr/lib/avr4\libc.a(ltoa.o)
 .bss           0x008000f1        0x0 c:/program files (x86)/atmel/avr tools/avr toolchain/bin/../lib/gcc/avr/4.5.1/../../../../avr/lib/avr4\libc.a(mul10.o)
 .bss           0x008000f1        0x0 c:/program files (x86)/atmel/avr tools/avr toolchain/bin/../lib/gcc/avr/4.5.1/../../../../avr/lib/avr4\libc.a(utoa.o)
 .bss           0x008000f1        0x0 c:/program files (x86)/atmel/avr tools/avr toolchain/bin/../lib/gcc/avr/4.5.1/../../../../avr/lib/avr4\libc.a(eerd_byte_atmega8.o)
 .bss           0x008000f1        0x0 c:/program files (x86)/atmel/avr tools/avr toolchain/bin/../lib/gcc/avr/4.5.1/../../../../avr/lib/avr4\libc.a(eewr_byte_atmega8.o)
 .bss           0x008000f1        0x0 c:/program files (x86)/atmel/avr tools/avr toolchain/bin/../lib/gcc/avr/4.5.1/../../../../avr/lib/avr4\libc.a(strrev.o)
 *(.bss*)
 *(COMMON)
 COMMON         0x008000f1       0x20 SmartSocket.o
                0x008000f1                message
 COMMON         0x00800111        0x7 onewire.o
                0x00800111                OW_OUT
                0x00800113                OW_PIN_MASK
                0x00800114                OW_IN
                0x00800116                OW_DDR
                0x00800118                PROVIDE (__bss_end, .)
                0x000017de                __data_load_start = LOADADDR (.data)
                0x00001808                __data_load_end = (__data_load_start + SIZEOF (.data))

.noinit         0x00800118        0x0
                0x00800118                PROVIDE (__noinit_start, .)
 *(.noinit*)
                0x00800118                PROVIDE (__noinit_end, .)
                0x00800118                _end = .
                0x00800118                PROVIDE (__heap_start, .)

.eeprom         0x00810000        0x1
 *(.eeprom*)
 .eeprom        0x00810000        0x1 SmartSocket.o
                0x00810000                EE_STATE_RELAY
                0x00810001                __eeprom_end = .

.fuse
 *(.fuse)
 *(.lfuse)
 *(.hfuse)
 *(.efuse)

.lock
 *(.lock*)

.signature
 *(.signature*)

.stab           0x00000000     0x11a0
 *(.stab)
 .stab          0x00000000      0x6cc c:/program files (x86)/atmel/avr tools/avr toolchain/bin/../lib/gcc/avr/4.5.1/../../../../avr/lib/avr4/crtm8.o
 .stab          0x000006cc      0x174 c:/program files (x86)/atmel/avr tools/avr toolchain/bin/../lib/gcc/avr/4.5.1/../../../../avr/lib/avr4\libc.a(atoi.o)
                                0x180 (size before relaxing)
 .stab          0x00000840       0x9c c:/program files (x86)/atmel/avr tools/avr toolchain/bin/../lib/gcc/avr/4.5.1/../../../../avr/lib/avr4\libc.a(strcat_P.o)
                                 0xa8 (size before relaxing)
 .stab          0x000008dc       0x9c c:/program files (x86)/atmel/avr tools/avr toolchain/bin/../lib/gcc/avr/4.5.1/../../../../avr/lib/avr4\libc.a(strcat.o)
                                 0xa8 (size before relaxing)
 .stab          0x00000978      0x1b0 c:/program files (x86)/atmel/avr tools/avr toolchain/bin/../lib/gcc/avr/4.5.1/../../../../avr/lib/avr4\libc.a(itoa.o)
                                0x1bc (size before relaxing)
 .stab          0x00000b28      0x294 c:/program files (x86)/atmel/avr tools/avr toolchain/bin/../lib/gcc/avr/4.5.1/../../../../avr/lib/avr4\libc.a(ltoa.o)
                                0x2a0 (size before relaxing)
 .stab          0x00000dbc       0x78 c:/program files (x86)/atmel/avr tools/avr toolchain/bin/../lib/gcc/avr/4.5.1/../../../../avr/lib/avr4\libc.a(mul10.o)
                                 0x84 (size before relaxing)
 .stab          0x00000e34      0x12c c:/program files (x86)/atmel/avr tools/avr toolchain/bin/../lib/gcc/avr/4.5.1/../../../../avr/lib/avr4\libc.a(utoa.o)
                                0x138 (size before relaxing)
 .stab          0x00000f60       0x90 c:/program files (x86)/atmel/avr tools/avr toolchain/bin/../lib/gcc/avr/4.5.1/../../../../avr/lib/avr4\libc.a(eerd_byte_atmega8.o)
                                 0x9c (size before relaxing)
 .stab          0x00000ff0       0xd8 c:/program files (x86)/atmel/avr tools/avr toolchain/bin/../lib/gcc/avr/4.5.1/../../../../avr/lib/avr4\libc.a(eewr_byte_atmega8.o)
                                 0xe4 (size before relaxing)
 .stab          0x000010c8       0xd8 c:/program files (x86)/atmel/avr tools/avr toolchain/bin/../lib/gcc/avr/4.5.1/../../../../avr/lib/avr4\libc.a(strrev.o)
                                 0xe4 (size before relaxing)

.stabstr        0x00000000      0x466
 *(.stabstr)
 .stabstr       0x00000000      0x466 c:/program files (x86)/atmel/avr tools/avr toolchain/bin/../lib/gcc/avr/4.5.1/../../../../avr/lib/avr4/crtm8.o

.stab.excl
 *(.stab.excl)

.stab.exclstr
 *(.stab.exclstr)

.stab.index
 *(.stab.index)

.stab.indexstr
 *(.stab.indexstr)

.comment
 *(.comment)

.debug
 *(.debug)

.line
 *(.line)

.debug_srcinfo
 *(.debug_srcinfo)

.debug_sfnames
 *(.debug_sfnames)

.debug_aranges  0x00000000       0xe0
 *(.debug_aranges)
 .debug_aranges
                0x00000000       0x20 SmartSocket.o
 .debug_aranges
                0x00000020       0x20 crc8.o
 .debug_aranges
                0x00000040       0x20 ds18x20.o
 .debug_aranges
                0x00000060       0x20 mUART.o
 .debug_aranges
                0x00000080       0x20 onewire.o
 .debug_aranges
                0x000000a0       0x20 spi.o
 .debug_aranges
                0x000000c0       0x20 nrf24l01.o

.debug_pubnames
                0x00000000      0x7b0
 *(.debug_pubnames)
 .debug_pubnames
                0x00000000      0x1e3 SmartSocket.o
 .debug_pubnames
                0x000001e3       0x1b crc8.o
 .debug_pubnames
                0x000001fe      0x1b7 ds18x20.o
 .debug_pubnames
                0x000003b5       0xc1 mUART.o
 .debug_pubnames
                0x00000476      0x139 onewire.o
 .debug_pubnames
                0x000005af       0x35 spi.o
 .debug_pubnames
                0x000005e4      0x1cc nrf24l01.o

.debug_info     0x00000000     0x2141
 *(.debug_info)
 .debug_info    0x00000000      0x681 SmartSocket.o
 .debug_info    0x00000681      0x104 crc8.o
 .debug_info    0x00000785      0x863 ds18x20.o
 .debug_info    0x00000fe8      0x294 mUART.o
 .debug_info    0x0000127c      0x6f8 onewire.o
 .debug_info    0x00001974       0xa6 spi.o
 .debug_info    0x00001a1a      0x727 nrf24l01.o
 *(.gnu.linkonce.wi.*)

.debug_abbrev   0x00000000      0xac4
 *(.debug_abbrev)
 .debug_abbrev  0x00000000      0x1f9 SmartSocket.o
 .debug_abbrev  0x000001f9       0x95 crc8.o
 .debug_abbrev  0x0000028e      0x26a ds18x20.o
 .debug_abbrev  0x000004f8       0xd7 mUART.o
 .debug_abbrev  0x000005cf      0x26b onewire.o
 .debug_abbrev  0x0000083a       0x70 spi.o
 .debug_abbrev  0x000008aa      0x21a nrf24l01.o

.debug_line     0x00000000     0x1e55
 *(.debug_line)
 .debug_line    0x00000000      0x4a9 SmartSocket.o
 .debug_line    0x000004a9      0x163 crc8.o
 .debug_line    0x0000060c      0x7f9 ds18x20.o
 .debug_line    0x00000e05      0x2da mUART.o
 .debug_line    0x000010df      0x569 onewire.o
 .debug_line    0x00001648      0x11c spi.o
 .debug_line    0x00001764      0x6f1 nrf24l01.o

.debug_frame    0x00000000      0x520
 *(.debug_frame)
 .debug_frame   0x00000000       0xc0 SmartSocket.o
 .debug_frame   0x000000c0       0x20 crc8.o
 .debug_frame   0x000000e0      0x120 ds18x20.o
 .debug_frame   0x00000200       0xc0 mUART.o
 .debug_frame   0x000002c0       0xf0 onewire.o
 .debug_frame   0x000003b0       0x30 spi.o
 .debug_frame   0x000003e0      0x140 nrf24l01.o

.debug_str      0x00000000      0x952
 *(.debug_str)
 .debug_str     0x00000000      0x272 SmartSocket.o
                                0x2f2 (size before relaxing)
 .debug_str     0x00000272       0x57 crc8.o
                                0x127 (size before relaxing)
 .debug_str     0x000002c9      0x22d ds18x20.o
                                0x3a9 (size before relaxing)
 .debug_str     0x000004f6       0xbf mUART.o
                                0x19d (size before relaxing)
 .debug_str     0x000005b5      0x15d onewire.o
                                0x298 (size before relaxing)
 .debug_str     0x00000712       0x2c spi.o
                                 0xf3 (size before relaxing)
 .debug_str     0x0000073e      0x214 nrf24l01.o
                                0x367 (size before relaxing)

.debug_loc      0x00000000     0x1724
 *(.debug_loc)
 .debug_loc     0x00000000      0x1eb SmartSocket.o
 .debug_loc     0x000001eb      0x120 crc8.o
 .debug_loc     0x0000030b      0xb5f ds18x20.o
 .debug_loc     0x00000e6a       0x9c mUART.o
 .debug_loc     0x00000f06      0x46e onewire.o
 .debug_loc     0x00001374       0x1f spi.o
 .debug_loc     0x00001393      0x391 nrf24l01.o

.debug_macinfo
 *(.debug_macinfo)
OUTPUT(SmartSocket.elf elf32-avr)
LOAD linker stubs

.debug_pubtypes
                0x00000000      0x17f
 .debug_pubtypes
                0x00000000       0x38 SmartSocket.o
 .debug_pubtypes
                0x00000038       0x2b crc8.o
 .debug_pubtypes
                0x00000063       0x70 ds18x20.o
 .debug_pubtypes
                0x000000d3       0x1e mUART.o
 .debug_pubtypes
                0x000000f1       0x38 onewire.o
 .debug_pubtypes
                0x00000129       0x1e spi.o
 .debug_pubtypes
                0x00000147       0x38 nrf24l01.o

.debug_ranges   0x00000000       0x18
 .debug_ranges  0x00000000       0x18 onewire.o
